{
  "lineage": {
    "run_id": "20261002T145043Z-5dcf5c",
    "s_hash": "1a1355e1aea685afed4a22e31b494b15d497b4f246ded552b4a1b6cc309e1ea4",
    "source": "demo_region_canal@v1",
    "method_used": "mint_shrink",
    "method_reason": {
      "T": 72,
      "m": 6,
      "lam": 0.11651696842416082,
      "cond": 22.296333238604483,
      "reason": "ok"
    },
    "w_version": "window=72:2032-10-01",
    "lib_versions": {
      "hierarchicalforecast": "1.5.1",
      "statsforecast": "2.1.1",
      "numpy": "2.5.3"
    }
  },
  "gate": {
    "passed": true,
    "checks": {
      "coherence_abs": 0.0,
      "coherence_rel": 0.0,
      "negative_share": 0.0,
      "mase_by_level": {
        "region": {
          "mase": 1.137346703317823,
          "baseline": 1.136777975520934,
          "delta": 0.0005002980433610471
        },
        "feuille": {
          "mase": 1.171817003585973,
          "baseline": 1.1794080653114793,
          "delta": -0.00643633187594117
        }
      },
      "weighted_mase_delta": -0.004355342900150504
    },
    "failures": []
  }
}
PUBLIE -> outputs/forecast_reconciled/run_id=20261002T145043Z-5dcf5c
